// Vitest Snapshot v1, https://vitest.dev/guide/snapshot.html

exports[`should match snapshot 1`] = `
{
  "baseElement": <body>
    
    
    
  


    <div>
      <footer
        data-v-4896eafd=""
      >
        <a
          data-v-4896eafd=""
          href="https://github.com/frednordell"
          target="_blank"
        >
          <img
            alt="Github Logo"
            class="footer-logo"
            data-v-4896eafd=""
            src="/src/assets/GitHub-Mark-Light-64px.png"
          />
        </a>
        <a
          data-v-4896eafd=""
          href="https://www.linkedin.com/in/frednordell"
          target="_blank"
        >
          <img
            alt="LinkedIn Logo"
            class="footer-logo"
            data-v-4896eafd=""
            src="/src/assets/In-White-66px-R.png"
          />
        </a>
      </footer>
    </div>
  </body>,
  "container": <div>
    <footer
      data-v-4896eafd=""
    >
      <a
        data-v-4896eafd=""
        href="https://github.com/frednordell"
        target="_blank"
      >
        <img
          alt="Github Logo"
          class="footer-logo"
          data-v-4896eafd=""
          src="/src/assets/GitHub-Mark-Light-64px.png"
        />
      </a>
      <a
        data-v-4896eafd=""
        href="https://www.linkedin.com/in/frednordell"
        target="_blank"
      >
        <img
          alt="LinkedIn Logo"
          class="footer-logo"
          data-v-4896eafd=""
          src="/src/assets/In-White-66px-R.png"
        />
      </a>
    </footer>
  </div>,
  "debug": [Function],
  "emitted": [Function],
  "getByAltText": [Function],
  "getByLabelText": [Function],
  "getByPlaceholder": [Function],
  "getByRole": [Function],
  "getByTestId": [Function],
  "getByText": [Function],
  "getByTitle": [Function],
  "rerender": [Function],
  "unmount": [Function],
}
`;
